------------------------------------------------------------
Timing Analyzer Summary
------------------------------------------------------------

Type  : Slow 1100mV 85C Model Setup 'clock'
Slack : -1.449
TNS   : -15.112

Type  : Slow 1100mV 85C Model Hold 'clock'
Slack : 0.425
TNS   : 0.000

Type  : Slow 1100mV 85C Model Minimum Pulse Width 'clock'
Slack : -0.538
TNS   : -14.282

Type  : Slow 1100mV 0C Model Setup 'clock'
Slack : -1.498
TNS   : -15.047

Type  : Slow 1100mV 0C Model Hold 'clock'
Slack : 0.421
TNS   : 0.000

Type  : Slow 1100mV 0C Model Minimum Pulse Width 'clock'
Slack : -0.538
TNS   : -13.637

Type  : Fast 1100mV 85C Model Setup 'clock'
Slack : -0.173
TNS   : -0.476

Type  : Fast 1100mV 85C Model Hold 'clock'
Slack : 0.200
TNS   : 0.000

Type  : Fast 1100mV 85C Model Minimum Pulse Width 'clock'
Slack : -0.283
TNS   : -4.868

Type  : Fast 1100mV 0C Model Setup 'clock'
Slack : -0.108
TNS   : -0.208

Type  : Fast 1100mV 0C Model Hold 'clock'
Slack : 0.182
TNS   : 0.000

Type  : Fast 1100mV 0C Model Minimum Pulse Width 'clock'
Slack : -0.269
TNS   : -4.616

------------------------------------------------------------
