------------------------------------------------------------
Timing Analyzer Summary
------------------------------------------------------------

Type  : Slow 1100mV 85C Model Setup 'clock'
Slack : -2.345
TNS   : -51.540

Type  : Slow 1100mV 85C Model Hold 'clock'
Slack : 0.459
TNS   : 0.000

Type  : Slow 1100mV 85C Model Minimum Pulse Width 'clock'
Slack : -0.538
TNS   : -30.041

Type  : Slow 1100mV 0C Model Setup 'clock'
Slack : -2.306
TNS   : -51.407

Type  : Slow 1100mV 0C Model Hold 'clock'
Slack : 0.486
TNS   : 0.000

Type  : Slow 1100mV 0C Model Minimum Pulse Width 'clock'
Slack : -0.538
TNS   : -28.943

Type  : Fast 1100mV 85C Model Setup 'clock'
Slack : -0.601
TNS   : -9.083

Type  : Fast 1100mV 85C Model Hold 'clock'
Slack : 0.182
TNS   : 0.000

Type  : Fast 1100mV 85C Model Minimum Pulse Width 'clock'
Slack : -0.277
TNS   : -9.963

Type  : Fast 1100mV 0C Model Setup 'clock'
Slack : -0.481
TNS   : -5.771

Type  : Fast 1100mV 0C Model Hold 'clock'
Slack : 0.172
TNS   : 0.000

Type  : Fast 1100mV 0C Model Minimum Pulse Width 'clock'
Slack : -0.267
TNS   : -9.601

------------------------------------------------------------
